COMMAND ["python", "-B", "-c", "from mosa.cli import main; main()", "train", "--config", "build/alternatives/adv_weight_0.01/config.yaml"]
[INFO] Loading MuData from build/alternatives/continuous.h5mu
[INFO] Loaded 60 samples — gexp: 40, meth: 30, crispr: 20 (0.12s)
[INFO] Seed set to 42
[INFO] Setup complete: 48 train, 12 val (0.00s)
[INFO] GPU available: False, used: False
[INFO] TPU available: False, using: 0 TPU cores
[INFO] 💡 Tip: For seamless cloud logging and experiment tracking, try installing [litlogger](https://pypi.org/project/litlogger/) to enable LitLogger, which logs metrics and artifacts automatically to the Lightning Experiments platform.
[INFO] 
  | Name          | Type              | Params | Mode  | FLOPs
--------------------------------------------------------------------
0 | encoders      | ModuleDict        | 2.4 K  | train | 0    
1 | decoders      | ModuleDict        | 2.6 K  | train | 0    
2 | latent_space  | ConcatLatentSpace | 784    | train | 0    
3 | discriminator | Discriminator     | 203    | train | 0    
--------------------------------------------------------------------
6.0 K     Trainable params
0         Non-trainable params
6.0 K     Total params
0.024     Total estimated model params size (MB)
78        Modules in train mode
0         Modules in eval mode
0         Total Flops

Sanity Checking: |          | 0/? [00:00<?, ?it/s]<environment>/lib/python3.13/site-packages/pytorch_lightning/trainer/connectors/data_connector.py:434: The 'val_dataloader' does not have many workers which may be a bottleneck. Consider increasing the value of the `num_workers` argument` to `num_workers=7` in the `DataLoader` to improve performance.

Sanity Checking: |          | 0/? [00:00<?, ?it/s]
Sanity Checking DataLoader 0:   0%|          | 0/1 [00:00<?, ?it/s]
Sanity Checking DataLoader 0: 100%|██████████| 1/1 [00:00<00:00, 78.13it/s]
                                                                           <environment>/lib/python3.13/site-packages/pytorch_lightning/trainer/connectors/data_connector.py:434: The 'train_dataloader' does not have many workers which may be a bottleneck. Consider increasing the value of the `num_workers` argument` to `num_workers=7` in the `DataLoader` to improve performance.


Training: |          | 0/? [00:00<?, ?it/s]
Training: |          | 0/? [00:00<?, ?it/s]
Epoch 0:   0%|          | 0/3 [00:00<?, ?it/s]
Epoch 0:  33%|███▎      | 1/3 [00:00<00:00, 119.72it/s]
Epoch 0:  33%|███▎      | 1/3 [00:00<00:00, 114.36it/s, v_num=0]
Epoch 0:  67%|██████▋   | 2/3 [00:00<00:00, 137.06it/s, v_num=0]
Epoch 0:  67%|██████▋   | 2/3 [00:00<00:00, 133.79it/s, v_num=0]
Epoch 0: 100%|██████████| 3/3 [00:00<00:00, 144.47it/s, v_num=0]
Epoch 0: 100%|██████████| 3/3 [00:00<00:00, 142.09it/s, v_num=0]

Validation: |          | 0/? [00:00<?, ?it/s][A

Validation: |          | 0/? [00:00<?, ?it/s][A

Validation DataLoader 0:   0%|          | 0/1 [00:00<?, ?it/s][A

Validation DataLoader 0: 100%|██████████| 1/1 [00:00<00:00, 538.77it/s][A

                                                                       [A
Epoch 0: 100%|██████████| 3/3 [00:00<00:00, 117.80it/s, v_num=0, val/loss=3.310]
Epoch 0: 100%|██████████| 3/3 [00:00<00:00, 114.70it/s, v_num=0, val/loss=3.310, train/loss=3.800][INFO] Saved checkpoint mosa-epoch=000-val_loss=3.3111.ckpt (epoch 0, 0.0s)
[INFO] Saved checkpoint last.ckpt (epoch 0, 0.0s)
[INFO] `Trainer.fit` stopped: `max_epochs=1` reached.

Epoch 0: 100%|██████████| 3/3 [00:00<00:00, 69.07it/s, v_num=0, val/loss=3.310, train/loss=3.800] [INFO] Saving outputs to build/alternatives/adv_weight_0.01/outputs
[INFO] Predicting on train split
[INFO] Predicting on val split
[INFO] Predicting on full split
[INFO] Outputs saved in 0.1s

