COMMAND ["python", "-B", "-c", "from mosa.cli import main; main()", "train", "--config", "build/scenarios/D5/config.yaml"]
[WARNING] No 'mutation_*' columns in data; mutation conditioning will be disabled.
[INFO] Loading MuData from build/scenarios/D5/store.h5mu
[INFO] Loaded 85 samples — gexp: 40, meth: 30 (0.02s)
[INFO] Seed set to 42
[INFO] Setup complete: 68 train, 17 val (0.09s)
[INFO] GPU available: False, used: False
[INFO] TPU available: False, using: 0 TPU cores
[INFO] 💡 Tip: For seamless cloud logging and experiment tracking, try installing [litlogger](https://pypi.org/project/litlogger/) to enable LitLogger, which logs metrics and artifacts automatically to the Lightning Experiments platform.
[INFO] 
  | Name         | Type              | Params | Mode  | FLOPs
-------------------------------------------------------------------
0 | encoders     | ModuleDict        | 1.8 K  | train | 0    
1 | decoders     | ModuleDict        | 1.9 K  | train | 0    
2 | latent_space | ConcatLatentSpace | 528    | train | 0    
-------------------------------------------------------------------
4.2 K     Trainable params
0         Non-trainable params
4.2 K     Total params
0.017     Total estimated model params size (MB)
47        Modules in train mode
0         Modules in eval mode
0         Total Flops

Sanity Checking: |          | 0/? [00:00<?, ?it/s]<environment>/lib/python3.13/site-packages/pytorch_lightning/trainer/connectors/data_connector.py:434: The 'val_dataloader' does not have many workers which may be a bottleneck. Consider increasing the value of the `num_workers` argument` to `num_workers=7` in the `DataLoader` to improve performance.

Sanity Checking: |          | 0/? [00:00<?, ?it/s]
Sanity Checking DataLoader 0:   0%|          | 0/2 [00:00<?, ?it/s]
Sanity Checking DataLoader 0:  50%|█████     | 1/2 [00:00<00:00, 98.56it/s]
Sanity Checking DataLoader 0: 100%|██████████| 2/2 [00:00<00:00, 153.74it/s]
                                                                            <environment>/lib/python3.13/site-packages/pytorch_lightning/trainer/connectors/data_connector.py:434: The 'train_dataloader' does not have many workers which may be a bottleneck. Consider increasing the value of the `num_workers` argument` to `num_workers=7` in the `DataLoader` to improve performance.


Training: |          | 0/? [00:00<?, ?it/s]
Training: |          | 0/? [00:00<?, ?it/s]
Epoch 0:   0%|          | 0/5 [00:00<?, ?it/s]
Epoch 0:  20%|██        | 1/5 [00:00<00:00, 195.23it/s]
Epoch 0:  20%|██        | 1/5 [00:00<00:00, 182.65it/s, v_num=0]
Epoch 0:  40%|████      | 2/5 [00:00<00:00, 205.50it/s, v_num=0]
Epoch 0:  40%|████      | 2/5 [00:00<00:00, 197.77it/s, v_num=0]
Epoch 0:  60%|██████    | 3/5 [00:00<00:00, 206.38it/s, v_num=0]
Epoch 0:  60%|██████    | 3/5 [00:00<00:00, 201.54it/s, v_num=0]
Epoch 0:  80%|████████  | 4/5 [00:00<00:00, 208.40it/s, v_num=0]
Epoch 0:  80%|████████  | 4/5 [00:00<00:00, 204.95it/s, v_num=0]
Epoch 0: 100%|██████████| 5/5 [00:00<00:00, 214.66it/s, v_num=0]
Epoch 0: 100%|██████████| 5/5 [00:00<00:00, 211.56it/s, v_num=0]

Validation: |          | 0/? [00:00<?, ?it/s][A

Validation: |          | 0/? [00:00<?, ?it/s][A

Validation DataLoader 0:   0%|          | 0/2 [00:00<?, ?it/s][A

Validation DataLoader 0:  50%|█████     | 1/2 [00:00<00:00, 613.11it/s][A

Validation DataLoader 0: 100%|██████████| 2/2 [00:00<00:00, 542.29it/s][A

                                                                       [A
Epoch 0: 100%|██████████| 5/5 [00:00<00:00, 165.97it/s, v_num=0, val/loss=2.160]
Epoch 0: 100%|██████████| 5/5 [00:00<00:00, 163.07it/s, v_num=0, val/loss=2.160, train/loss=2.410][INFO] Saved checkpoint mosa-epoch=000-val_loss=2.1592.ckpt (epoch 0, 0.0s)
[INFO] Saved checkpoint last.ckpt (epoch 0, 0.0s)
[INFO] `Trainer.fit` stopped: `max_epochs=1` reached.

Epoch 0: 100%|██████████| 5/5 [00:00<00:00, 120.91it/s, v_num=0, val/loss=2.160, train/loss=2.410][INFO] Saving outputs to build/scenarios/D5/outputs
[INFO] Predicting on train split
[INFO] Predicting on val split
[INFO] Predicting on full split
[INFO] Outputs saved in 0.1s

